 gcc -g p1original.c
îº§ gdb a.out
GNU gdb (Ubuntu 8.1.1-0ubuntu1) 8.1.1
Copyright (C) 2018 Free Software Foundation, Inc.
License GPLv3+: GNU GPL version 3 or later <http://gnu.org/licenses/gpl.html>
This is free software: you are free to change and redistribute it.
There is NO WARRANTY, to the extent permitted by law.  Type "show copying"
and "show warranty" for details.
This GDB was configured as "x86_64-linux-gnu".
Type "show configuration" for configuration details.
For bug reporting instructions, please see:
<http://www.gnu.org/software/gdb/bugs/>.
Find the GDB manual and other documentation resources online at:
<http://www.gnu.org/software/gdb/documentation/>.
For help, type "help".
Type "apropos word" to search for commands related to "word"...
Reading symbols from a.out...done.
(gdb) b main
Breakpoint 1 at 0x7c6: file p1original.c, line 15.
(gdb) r
Starting program: /home/runner/ppa-IA2-practice2/a.out 
warning: Error disabling address space randomization: Operation not permitted

Breakpoint 1, main () at p1original.c:15
15  {
(gdb) n
17    input(&base,&height);
(gdb) s
input (base=0x7ffcad65b8cc, height=0x7ffcad65b8d0) at p1original.c:4
4     scanf("%f%f",base,height);
(gdb) n
1
2
5   }
(gdb) n
main () at p1original.c:18
18    find_area(base,height,&area);
(gdb) s
find_area (base=1, height=2, area=0x7ffcad65b8d4) at p1original.c:8
8     *area=0.5*base*height;
(gdb) n
9   }
(gdb) n
main () at p1original.c:19
19    output(base,height,area);
(gdb) n
20    return 0;
(gdb) n
21  }
(gdb) n
__libc_start_main (main=0x55ee5e4007be <main>, argc=1, argv=0x7ffcad65b9c8, 
    init=<optimized out>, fini=<optimized out>, rtld_fini=<optimized out>, 
    stack_end=0x7ffcad65b9b8) at ../csu/libc-start.c:344
344 ../csu/libc-start.c: No such file or directory.
(gdb) n
area of triangle of base 1.000000 with height 2.000000 is 1.000000[Inferior 1 (process 1511) exited normally]
